// Jest Snapshot v1, https://goo.gl/fbAQLP

exports[`StudentPage should successfully render 1`] = `
<div
  className="student-page-container"
>
  <h1>
    Lessons
  </h1>
  <div
    className="student-page-main-container"
  >
    <div
      className="lesson-stream-view"
    >
      <div />
    </div>
    <LessonList
      lessons={Array []}
      setSelectedLesson={[Function]}
    />
  </div>
</div>
`;
