// Jest Snapshot v1, https://goo.gl/fbAQLP

exports[`StudentPage should successfully render 1`] = `
<Fragment>
  <Navbar
    pageName="Lessons"
  />
  <div
    className="student-page-container"
  >
    <div
      className="student-page-main-container"
    >
      <div
        className="lesson-stream-view"
      />
      <LessonList
        lessons={Array []}
        setSelectedLesson={[Function]}
      />
    </div>
  </div>
</Fragment>
`;
