// Jest Snapshot v1, https://goo.gl/fbAQLP

exports[`TeacherPage should successfully render 1`] = `
<Fragment>
  <Navbar
    pageName="Lessons"
  />
  <div
    className="teacher-page-container"
  >
    <div
      className="teacher-page-main-container"
    >
      <div
        className="lesson-stream-view"
      >
        <div
          className="instruction-wrapper"
        >
          <h1>
            Get started by clicking on a lesson!
          </h1>
        </div>
        <div
          className="arrow"
        >
          <div
            className="curve"
          />
          <div
            className="point"
          />
        </div>
      </div>
      <div
        className="lesson-list-container"
      >
        <LiveChat />
      </div>
    </div>
  </div>
</Fragment>
`;
